Microchip MPLAB XC8 Compiler V2.10 ()

Linker command line:

-W-3 --edf=C:\Program Files (x86)\Microchip\xc8\v2.10\pic\dat\en_msgs.txt \
  -cs -h+dist/default/production\LAB5.X.production.sym \
  --cmf=dist/default/production\LAB5.X.production.cmf -z -Q18F8722 \
  -oC:\Users\Khoa\AppData\Local\Temp\s3oc.2 --defsym=__MPLAB_BUILD=1 \
  -Mdist/default/production/LAB5.X.production.map -E1 -ver=XC8 --acfsm=1493 \
  -ASTACK=0DE4h-0F5Fh -pstack=STACK -ACODE=00h-01FFFFh -ACONST=00h-01FFFFh \
  -ASMALLCONST=01000h-010FFhx496 \
  -AMEDIUMCONST=01000h-0FFFFh,011000h-01FFFFh -ACOMRAM=01h-05Fh \
  -AABS1=00h-0F5Fh -ABIGRAM=01h-0F5Fh \
  -ARAM=060h-0FFh,0100h-01FFhx14,0F00h-0F5Fh -ABANK0=060h-0FFh \
  -ABANK1=0100h-01FFh -ABANK2=0200h-02FFh -ABANK3=0300h-03FFh \
  -ABANK4=0400h-04FFh -ABANK5=0500h-05FFh -ABANK6=0600h-06FFh \
  -ABANK7=0700h-07FFh -ABANK8=0800h-08FFh -ABANK9=0900h-09FFh \
  -ABANK10=0A00h-0AFFh -ABANK11=0B00h-0BFFh -ABANK12=0C00h-0CFFh \
  -ABANK13=0D00h-0DFFh -ABANK14=0E00h-0EFFh -ABANK15=0F00h-0F5Fh \
  -ASFR=0F60h-0FFFh -preset_vec=00h,intcode=08h,intcodelo,powerup,init \
  -pramtop=01000h -psmallconst=SMALLCONST -pmediumconst=MEDIUMCONST \
  -pconst=CONST -AFARRAM=00h-00h -ACONFIG=0300000h-030000Dh -pconfig=CONFIG \
  -AIDLOC=0200000h-0200007h -pidloc=IDLOC -AEEDATA=0F00000h-0F003FFh \
  -peeprom_data=EEDATA \
  -prdata=COMRAM,nvrram=COMRAM,nvbit=COMRAM,rbss=COMRAM,rbit=COMRAM \
  -pfarbss=FARRAM,fardata=FARRAM,nvFARRAM=FARRAM \
  -pintsave_regs=BIGRAM,bigbss=BIGRAM,bigdata=BIGRAM -pbss=RAM \
  -pidata=CODE,irdata=CODE,ibigdata=CODE,ifardata=CODE -prparam=COMRAM \
  C:\Users\Khoa\AppData\Local\Temp\s3oc.o \
  dist/default/production\LAB5.X.production.o 

Object code version is 3.11

Machine type is 18F8722

Call graph: (short form)




                Name                               Link     Load   Length Selector   Space Scale
C:\Users\Khoa\AppData\Local\Temp\s3oc.o
                init                                  E        E        4        4       0
                reset_vec                             0        0        4        0       0
                idloc                            200000   200000        8   200000       0
                config                           300000   300000        E   300000       0
dist/default/production\LAB5.X.production.o
                intcode                               8        8        6        4       0
                temp                                 5F       5F        1        1       1
                smallconst                         1000     1000       54      800       0
                text44                             3068     3068        C      82A       0
                text43                             2CA2     2CA2       60      82A       0
                text42                             2FD2     2FD2       26      82A       0
                text41                             22AC     22AC       C8      82A       0
                text40                             2660     2660       B0      82A       0
                text39                             2710     2710       AE      82A       0
                text38                             243A     243A       C2      82A       0
                text37                             2E42     2E42       44      82A       0
                text36                             2A70     2A70       7E      82A       0
                text35                             14E8     14E8      466      82A       0
                text34                             1BE0     1BE0      20E      82A       0
                text33                             2F42     2F42       36      82A       0
                intcode_body                       28EA     28EA       86      82A       0
                text31                             2FAA     2FAA       28      82A       0
                text30                             20FC     20FC       E4      82A       0
                text29                             3036     3036       12      82A       0
                text28                             2AEE     2AEE       76      82A       0
                text27                             2FF8     2FF8       20      82A       0
                text26                             2C38     2C38       6A      82A       0
                text25                             3018     3018       1E      82A       0
                text24                             2D5C     2D5C       54      82A       0
                text23                             3058     3058       10      82A       0
                text22                             3048     3048       10      82A       0
                text21                             2BCE     2BCE       6A      82A       0
                text20                             2B64     2B64       6A      82A       0
                text19                             2E86     2E86       40      82A       0
                text18                             2F04     2F04       3E      82A       0
                text17                             2EC6     2EC6       3E      82A       0
                text16                             25AE     25AE       B2      82A       0
                text15                             2970     2970       82      82A       0
                text14                             2374     2374       C6      82A       0
                text13                             2DB0     2DB0       4C      82A       0
                text12                             24FC     24FC       B2      82A       0
                text11                             1F02     1F02      108      82A       0
                text10                             1DEE     1DEE      114      82A       0
                text9                              194E     194E      292      82A       0
                text8                              27BE     27BE       9C      82A       0
                text7                              285A     285A       90      82A       0
                text6                              21E0     21E0       CC      82A       0
                text5                              2DFC     2DFC       46      82A       0
                text4                              29F2     29F2       7E      82A       0
                text3                              1054     1054      494      82A       0
                text2                              2F78     2F78       32      82A       0
                text1                              307C     307C        4      82A       0
                text0                              200A     200A       F2      82A       0
                cstackCOMRAM                          1        1       5C        1       1
                cstackBANK0                          60       60       60       60       1
                bssBIGRAM                           128      128      CBC      128       1
                bssBANK1                            100      100       28      100       1
                dataBANK0                            E7       E7        8       60       1
                bssBANK0                             C0       C0       27       60       1
                bssCOMRAM                            5D       5D        2        1       1
                cinit                              2D02     2D02       5A      82A       0
                idataBANK0                         3074     3074        8      82A       0

TOTAL           Name                               Link     Load   Length     Space
        CLASS   STACK          

        CLASS   CODE           
                intcode                               8        8        6         0
                init                                  E        E        4         0
                reset_vec                             0        0        4         0
                text44                             3068     3068        C         0
                text43                             2CA2     2CA2       60         0
                text42                             2FD2     2FD2       26         0
                text41                             22AC     22AC       C8         0
                text40                             2660     2660       B0         0
                text39                             2710     2710       AE         0
                text38                             243A     243A       C2         0
                text37                             2E42     2E42       44         0
                text36                             2A70     2A70       7E         0
                text35                             14E8     14E8      466         0
                text34                             1BE0     1BE0      20E         0
                text33                             2F42     2F42       36         0
                intcode_body                       28EA     28EA       86         0
                text31                             2FAA     2FAA       28         0
                text30                             20FC     20FC       E4         0
                text29                             3036     3036       12         0
                text28                             2AEE     2AEE       76         0
                text27                             2FF8     2FF8       20         0
                text26                             2C38     2C38       6A         0
                text25                             3018     3018       1E         0
                text24                             2D5C     2D5C       54         0
                text23                             3058     3058       10         0
                text22                             3048     3048       10         0
                text21                             2BCE     2BCE       6A         0
                text20                             2B64     2B64       6A         0
                text19                             2E86     2E86       40         0
                text18                             2F04     2F04       3E         0
                text17                             2EC6     2EC6       3E         0
                text16                             25AE     25AE       B2         0
                text15                             2970     2970       82         0
                text14                             2374     2374       C6         0
                text13                             2DB0     2DB0       4C         0
                text12                             24FC     24FC       B2         0
                text11                             1F02     1F02      108         0
                text10                             1DEE     1DEE      114         0
                text9                              194E     194E      292         0
                text8                              27BE     27BE       9C         0
                text7                              285A     285A       90         0
                text6                              21E0     21E0       CC         0
                text5                              2DFC     2DFC       46         0
                text4                              29F2     29F2       7E         0
                text3                              1054     1054      494         0
                text2                              2F78     2F78       32         0
                text1                              307C     307C        4         0
                text0                              200A     200A       F2         0
                cinit                              2D02     2D02       5A         0
                idataBANK0                         3074     3074        8         0

        CLASS   CONST          

        CLASS   SMALLCONST     
                smallconst                         1000     1000       54         0

        CLASS   MEDIUMCONST    

        CLASS   COMRAM         
                temp                                 5F       5F        1         1
                cstackCOMRAM                          1        1       5C         1
                bssCOMRAM                            5D       5D        2         1

        CLASS   ABS1           

        CLASS   BIGRAM         
                bssBIGRAM                           128      128      CBC         1

        CLASS   RAM            

        CLASS   BANK0          
                cstackBANK0                          60       60       60         1
                dataBANK0                            E7       E7        8         1
                bssBANK0                             C0       C0       27         1

        CLASS   BANK1          
                bssBANK1                            100      100       28         1

        CLASS   BANK2          

        CLASS   BANK3          

        CLASS   BANK4          

        CLASS   BANK5          

        CLASS   BANK6          

        CLASS   BANK7          

        CLASS   BANK8          

        CLASS   BANK9          

        CLASS   BANK10         

        CLASS   BANK11         

        CLASS   BANK12         

        CLASS   BANK13         

        CLASS   BANK14         

        CLASS   BANK15         

        CLASS   SFR            

        CLASS   FARRAM         

        CLASS   CONFIG         
                config                           300000   300000        E         0

        CLASS   IDLOC          
                idloc                            200000   200000        8         0

        CLASS   EEDATA         



SEGMENTS        Name                           Load    Length   Top    Selector   Space  Class

                reset_vec                      000000  000004  000004         0       0  CODE    
                cstackCOMRAM                   000001  00005F  000060         1       1  COMRAM  
                intcode                        000008  00000A  000012         4       0  CODE    
                cstackBANK0                    000060  00008F  0000EF        60       1  BANK0   
                bssBANK1                       000100  000028  000128       100       1  BANK1   
                bssBIGRAM                      000128  000CBC  000DE4       128       1  BIGRAM  
                smallconst                     001000  000054  001054       800       0  SMALLCON
                text3                          001054  00202C  003080       82A       0  CODE    
                idloc                          200000  000008  200008    200000       0  IDLOC   
                config                         300000  00000E  30000E    300000       0  CONFIG  


UNUSED ADDRESS RANGES

        Name                Unused          Largest block    Delta
        BANK0            0000EF-0000FF               11
        BANK13           000DE4-000DFF               1C
        BANK14           000E00-000EFF              100
        BANK15           000F00-000F5F               60
        BIGRAM           0000EF-0000FF               11
                         000DE4-000F5F              17C
        CODE             000004-000007                4
                         000012-000FFF              FEE
                         003080-01FFFF            1CF80
        CONST            000004-000007                4
                         000012-000FFF              FEE
                         003080-01FFFF            1CF80
        EEDATA           F00000-F003FF              400
        MEDIUMCONST      003080-00FFFF             CF80
                         011000-01FFFF             F000
        RAM              0000EF-0000FF               11
                         000DE4-000F5F              100
        SFR              000F60-000FFF               A0
        SMALLCONST       003080-01FFFF              100
        STACK            000DE4-000F5F              17C

                                  Symbol Table

?_ADD_NODE                           cstackBANK0  000082
?___awdiv                            cstackBANK0  000068
?___awmod                            cstackBANK0  000068
?___wmul                             cstackBANK0  000068
?_create_node                        cstackBANK0  000068
?_dequeue                            cstackBANK0  000070
?_return_index                       cstackBANK0  000068
?i2___awmod                          cstackCOMRAM 000001
?i2___wmul                           cstackCOMRAM 000001
?i2_create_node                      cstackCOMRAM 000001
?i2_return_index                     cstackCOMRAM 000001
ADD_NODE@delay                       cstackBANK0  000082
ADD_NODE@function                    cstackBANK0  00008A
ADD_NODE@index                       cstackBANK0  0000AE
ADD_NODE@loc                         cstackBANK0  0000AC
ADD_NODE@loop                        cstackBANK0  000099
ADD_NODE@next                        cstackBANK0  00009B
ADD_NODE@period                      cstackBANK0  000086
ADD_NODE@pre                         cstackBANK0  00009D
ADD_NODE@temp                        cstackBANK0  00009F
LCDPutChar@ch                        cstackBANK0  00006E
LCDPutInst@ch                        cstackBANK0  00006E
LCDPutStr@ptr                        cstackBANK0  00006F
LINKED_LIST_INITIALIZATION@i         cstackBANK0  00006E
Port_BBSPIInit@port_dir              cstackBANK0  00006B
SendByteBBSPI@bitcount               cstackBANK0  000069
SendByteBBSPI@input                  cstackBANK0  00006A
SendByteBBSPI@output                 cstackBANK0  000068
UPDATE_TIMER@delay                   cstackCOMRAM 00004D
UPDATE_TIMER@function                cstackCOMRAM 000055
UPDATE_TIMER@period                  cstackCOMRAM 000051
UPDATE_TIMER@temp_head               cstackCOMRAM 00005B
WritePort_BBSPI@a                    cstackBANK0  00006B
WritePort_BBSPI@port_add             cstackBANK0  00006C
_ADCON1                              (abs)        000FC1
_ADD_NODE                            text3        001054
_FUNCTION                            bssBANK0     0000E5
_INTCONbits                          (abs)        000FF2
_INTERRUPT_InterruptManager          intcode      000008
_InitBBSPI                           text29       003036
_LATAbits                            (abs)        000F89
_LATCbits                            (abs)        000F8B
_LATDbits                            (abs)        000F8C
_LATFbits                            (abs)        000F8E
_LCDInit                             text24       002D5C
_LCDPutChar                          text20       002B64
_LCDPutInst                          text26       002C38
_LCDPutStr                           text19       002E86
_LINKED_LIST_INITIALIZATION          text30       0020FC
_OSCCON                              (abs)        000FD3
_OSCTUNE                             (abs)        000F9B
_PIE1bits                            (abs)        000F9D
_PIR1bits                            (abs)        000F9E
_PORTAbits                           (abs)        000F80
_PORTBbits                           (abs)        000F81
_PORTDbits                           (abs)        000F83
_Port_BBSPIInit                      text25       003018
_SYSTEM_INITIALIZATION               text17       002EC6
_SendByteBBSPI                       text28       002AEE
_T0CON                               (abs)        000FD5
_T1CON                               (abs)        000FCD
_TMR0                                (abs)        000FD6
_TMR0_INITIALIZATION                 text23       003058
_TMR0_IRS                            text44       003068
_TMR1H                               (abs)        000FCF
_TMR1L                               (abs)        000FCE
_TMR1_INITIALIZATION                 text22       003048
_TRISAbits                           (abs)        000F92
_TRISBbits                           (abs)        000F93
_TRISCbits                           (abs)        000F94
_TRISDbits                           (abs)        000F95
_TRISFbits                           (abs)        000F97
_UPDATE_TIMER                        text34       001BE0
_UPDATE_TIMER$2244                   cstackCOMRAM 000058
_WritePort_BBSPI                     text27       002FF8
__CFG_BOREN$OFF                      (abs)        000000
__CFG_FCMEN$OFF                      (abs)        000000
__CFG_IESO$OFF                       (abs)        000000
__CFG_LVP$OFF                        (abs)        000000
__CFG_MCLRE$ON                       (abs)        000000
__CFG_OSC$INTIO7                     (abs)        000000
__CFG_PWRT$OFF                       (abs)        000000
__CFG_WDT$OFF                        (abs)        000000
__CFG_XINST$OFF                      (abs)        000000
__HRAM                               (abs)        000000
__Habs1                              abs1         000000
__Hbank0                             bank0        000000
__Hbank1                             bank1        000000
__Hbank10                            bank10       000000
__Hbank11                            bank11       000000
__Hbank12                            bank12       000000
__Hbank13                            bank13       000000
__Hbank14                            bank14       000000
__Hbank15                            bank15       000000
__Hbank2                             bank2        000000
__Hbank3                             bank3        000000
__Hbank4                             bank4        000000
__Hbank5                             bank5        000000
__Hbank6                             bank6        000000
__Hbank7                             bank7        000000
__Hbank8                             bank8        000000
__Hbank9                             bank9        000000
__Hbigbss                            bigbss       000000
__Hbigdata                           bigdata      000000
__Hbigram                            bigram       000000
__Hbss                               bss          000000
__HbssBANK0                          bssBANK0     000000
__HbssBANK1                          bssBANK1     000000
__HbssBIGRAM                         bssBIGRAM    000000
__HbssCOMRAM                         bssCOMRAM    000000
__Hcinit                             cinit        000000
__Hclrtext                           clrtext      000000
__Hcomram                            comram       000000
__Hconfig                            config       30000E
__Hconst                             const        000000
__HcstackBANK0                       cstackBANK0  000000
__HcstackCOMRAM                      cstackCOMRAM 000000
__Hdata                              data         000000
__HdataBANK0                         dataBANK0    000000
__Heeprom_data                       eeprom_data  000000
__Hfarbss                            farbss       000000
__Hfardata                           fardata      000000
__Hibigdata                          ibigdata     000000
__Hidata                             idata        000000
__HidataBANK0                        idataBANK0   000000
__Hidloc                             idloc        200008
__Hifardata                          ifardata     000000
__Hinit                              init         000012
__Hintcode                           intcode      00000E
__Hintcode_body                      intcode_body 000000
__Hintcodelo                         intcodelo    00000E
__Hintentry                          intentry     000000
__Hintret                            intret       000000
__Hintsave_regs                      intsave_regs 000000
__Hirdata                            irdata       000000
__Hmediumconst                       mediumconst  000000
__HnvFARRAM                          nvFARRAM     000000
__Hnvbit                             nvbit        000000
__Hnvrram                            nvrram       000000
__Hparam                             rparam       000000
__Hpowerup                           powerup      00000E
__Hram                               ram          000000
__Hramtop                            ramtop       001000
__Hrbit                              rbit         000000
__Hrbss                              rbss         000000
__Hrdata                             rdata        000000
__Hreset_vec                         reset_vec    000004
__Hrparam                            rparam       000000
__Hsfr                               sfr          000000
__Hsmallconst                        smallconst   001054
__Hspace_0                           (abs)        30000E
__Hspace_1                           (abs)        000DE4
__Hspace_2                           (abs)        000000
__Hstack                             stack        000000
__Hstruct                            struct       000000
__Htemp                              temp         000060
__Htext                              text         000000
__Htext0                             text0        000000
__Htext1                             text1        000000
__Htext10                            text10       000000
__Htext11                            text11       000000
__Htext12                            text12       000000
__Htext13                            text13       000000
__Htext14                            text14       000000
__Htext15                            text15       000000
__Htext16                            text16       000000
__Htext17                            text17       000000
__Htext18                            text18       000000
__Htext19                            text19       000000
__Htext2                             text2        000000
__Htext20                            text20       000000
__Htext21                            text21       000000
__Htext22                            text22       000000
__Htext23                            text23       000000
__Htext24                            text24       000000
__Htext25                            text25       000000
__Htext26                            text26       000000
__Htext27                            text27       000000
__Htext28                            text28       000000
__Htext29                            text29       000000
__Htext3                             text3        000000
__Htext30                            text30       000000
__Htext31                            text31       000000
__Htext33                            text33       000000
__Htext34                            text34       000000
__Htext35                            text35       000000
__Htext36                            text36       000000
__Htext37                            text37       000000
__Htext38                            text38       000000
__Htext39                            text39       000000
__Htext4                             text4        000000
__Htext40                            text40       000000
__Htext41                            text41       000000
__Htext42                            text42       000000
__Htext43                            text43       000000
__Htext44                            text44       000000
__Htext45                            text45       000000
__Htext5                             text5        000000
__Htext6                             text6        000000
__Htext7                             text7        000000
__Htext8                             text8        000000
__Htext9                             text9        000000
__LRAM                               (abs)        000001
__Labs1                              abs1         000000
__Lbank0                             bank0        000000
__Lbank1                             bank1        000000
__Lbank10                            bank10       000000
__Lbank11                            bank11       000000
__Lbank12                            bank12       000000
__Lbank13                            bank13       000000
__Lbank14                            bank14       000000
__Lbank15                            bank15       000000
__Lbank2                             bank2        000000
__Lbank3                             bank3        000000
__Lbank4                             bank4        000000
__Lbank5                             bank5        000000
__Lbank6                             bank6        000000
__Lbank7                             bank7        000000
__Lbank8                             bank8        000000
__Lbank9                             bank9        000000
__Lbigbss                            bigbss       000000
__Lbigdata                           bigdata      000000
__Lbigram                            bigram       000000
__Lbss                               bss          000000
__LbssBANK0                          bssBANK0     000000
__LbssBANK1                          bssBANK1     000000
__LbssBIGRAM                         bssBIGRAM    000000
__LbssCOMRAM                         bssCOMRAM    000000
__Lcinit                             cinit        000000
__Lclrtext                           clrtext      000000
__Lcomram                            comram       000000
__Lconfig                            config       300000
__Lconst                             const        000000
__LcstackBANK0                       cstackBANK0  000000
__LcstackCOMRAM                      cstackCOMRAM 000000
__Ldata                              data         000000
__LdataBANK0                         dataBANK0    000000
__Leeprom_data                       eeprom_data  000000
__Lfarbss                            farbss       000000
__Lfardata                           fardata      000000
__Libigdata                          ibigdata     000000
__Lidata                             idata        000000
__LidataBANK0                        idataBANK0   000000
__Lidloc                             idloc        200000
__Lifardata                          ifardata     000000
__Linit                              init         00000E
__Lintcode                           intcode      000008
__Lintcode_body                      intcode_body 000000
__Lintcodelo                         intcodelo    00000E
__Lintentry                          intentry     000000
__Lintret                            intret       000000
__Lintsave_regs                      intsave_regs 000000
__Lirdata                            irdata       000000
__Lmediumconst                       mediumconst  000000
__LnvFARRAM                          nvFARRAM     000000
__Lnvbit                             nvbit        000000
__Lnvrram                            nvrram       000000
__Lparam                             rparam       000000
__Lpowerup                           powerup      00000E
__Lram                               ram          000000
__Lramtop                            ramtop       001000
__Lrbit                              rbit         000000
__Lrbss                              rbss         000000
__Lrdata                             rdata        000000
__Lreset_vec                         reset_vec    000000
__Lrparam                            rparam       000000
__Lsfr                               sfr          000000
__Lsmallconst                        smallconst   001000
__Lspace_0                           (abs)        000000
__Lspace_1                           (abs)        000000
__Lspace_2                           (abs)        000000
__Lstack                             stack        000000
__Lstruct                            struct       000000
__Ltemp                              temp         00005F
__Ltext                              text         000000
__Ltext0                             text0        000000
__Ltext1                             text1        000000
__Ltext10                            text10       000000
__Ltext11                            text11       000000
__Ltext12                            text12       000000
__Ltext13                            text13       000000
__Ltext14                            text14       000000
__Ltext15                            text15       000000
__Ltext16                            text16       000000
__Ltext17                            text17       000000
__Ltext18                            text18       000000
__Ltext19                            text19       000000
__Ltext2                             text2        000000
__Ltext20                            text20       000000
__Ltext21                            text21       000000
__Ltext22                            text22       000000
__Ltext23                            text23       000000
__Ltext24                            text24       000000
__Ltext25                            text25       000000
__Ltext26                            text26       000000
__Ltext27                            text27       000000
__Ltext28                            text28       000000
__Ltext29                            text29       000000
__Ltext3                             text3        000000
__Ltext30                            text30       000000
__Ltext31                            text31       000000
__Ltext33                            text33       000000
__Ltext34                            text34       000000
__Ltext35                            text35       000000
__Ltext36                            text36       000000
__Ltext37                            text37       000000
__Ltext38                            text38       000000
__Ltext39                            text39       000000
__Ltext4                             text4        000000
__Ltext40                            text40       000000
__Ltext41                            text41       000000
__Ltext42                            text42       000000
__Ltext43                            text43       000000
__Ltext44                            text44       000000
__Ltext45                            text45       000000
__Ltext5                             text5        000000
__Ltext6                             text6        000000
__Ltext7                             text7        000000
__Ltext8                             text8        000000
__Ltext9                             text9        000000
__S0                                 (abs)        30000E
__S1                                 (abs)        000DE4
__S2                                 (abs)        000000
___awdiv                             text14       002374
___awdiv@counter                     cstackBANK0  00006C
___awdiv@dividend                    cstackBANK0  000068
___awdiv@divisor                     cstackBANK0  00006A
___awdiv@quotient                    cstackBANK0  00006E
___awdiv@sign                        cstackBANK0  00006D
___awmod                             text16       0025AE
___awmod@counter                     cstackBANK0  00006C
___awmod@dividend                    cstackBANK0  000068
___awmod@divisor                     cstackBANK0  00006A
___awmod@sign                        cstackBANK0  00006D
___extmem_base                       (abs)        020000
___inthi_sp                          stack        000000
___intlo_sp                          stack        000000
___param_bank                        (abs)        000000
___rparam_used                       (abs)        000001
___sp                                stack        000000
___wmul                              text31       002FAA
___wmul@multiplicand                 cstackBANK0  00006A
___wmul@multiplier                   cstackBANK0  000068
___wmul@product                      cstackBANK0  00006C
__accesstop                          (abs)        000060
__activetblptr                       (abs)        000003
__end_of_ADD_NODE                    text3        0014E8
__end_of_INTERRUPT_InterruptManager  intcode_body 002970
__end_of_InitBBSPI                   text29       003048
__end_of_LCDInit                     text24       002DB0
__end_of_LCDPutChar                  text20       002BCE
__end_of_LCDPutInst                  text26       002CA2
__end_of_LCDPutStr                   text19       002EC6
__end_of_LINKED_LIST_INITIALIZATION  text30       0021E0
__end_of_Port_BBSPIInit              text25       003036
__end_of_SYSTEM_INITIALIZATION       text17       002F04
__end_of_SendByteBBSPI               text28       002B64
__end_of_TMR0_INITIALIZATION         text23       003068
__end_of_TMR0_IRS                    text44       003074
__end_of_TMR1_INITIALIZATION         text22       003058
__end_of_UPDATE_TIMER                text34       001DEE
__end_of_WritePort_BBSPI             text27       003018
__end_of___awdiv                     text14       00243A
__end_of___awmod                     text16       002660
__end_of___wmul                      text31       002FD2
__end_of__initialization             cinit        002D52
__end_of_add                         text6        0022AC
__end_of_check_button                text7        0028EA
__end_of_clean_node                  text41       002374
__end_of_create_node                 text5        002E42
__end_of_dequeue                     text15       0029F2
__end_of_enqueue                     text39       0027BE
__end_of_getByte                     text11       00200A
__end_of_get_temp_humid              text8        00285A
__end_of_heater_heatpumper           text9        001BE0
__end_of_init_queue                  text21       002C38
__end_of_main                        text0        0020FC
__end_of_printLCD_char               text13       002DFC
__end_of_printLCD_string             text18       002F42
__end_of_print_temp_humid            text12       0025AE
__end_of_readDHT                     text10       001F02
__end_of_read_button                 text43       002D02
__end_of_register_timer              text2        002FAA
__end_of_return_index                text4        002A70
__end_of_start_timers                text1        003080
__end_of_timer_ISR                   text33       002F78
__end_ofi2_ADD_NODE                  text35       00194E
__end_ofi2___awmod                   text40       002710
__end_ofi2___wmul                    text42       002FF8
__end_ofi2_add                       text38       0024FC
__end_ofi2_create_node               text37       002E86
__end_ofi2_return_index              text36       002AEE
__initialization                     cinit        002D02
__mediumconst                        mediumconst  000000
__pbssBANK0                          bssBANK0     0000C0
__pbssBANK1                          bssBANK1     000100
__pbssBIGRAM                         bssBIGRAM    000128
__pbssCOMRAM                         bssCOMRAM    00005D
__pcinit                             cinit        002D02
__pcstackBANK0                       cstackBANK0  000060
__pcstackCOMRAM                      cstackCOMRAM 000001
__pdataBANK0                         dataBANK0    0000E7
__pidataBANK0                        idataBANK0   003074
__pintcode                           intcode      000008
__pintcode_body                      intcode_body 0028EA
__psmallconst                        smallconst   001000
__ptext0                             text0        00200A
__ptext1                             text1        00307C
__ptext10                            text10       001DEE
__ptext11                            text11       001F02
__ptext12                            text12       0024FC
__ptext13                            text13       002DB0
__ptext14                            text14       002374
__ptext15                            text15       002970
__ptext16                            text16       0025AE
__ptext17                            text17       002EC6
__ptext18                            text18       002F04
__ptext19                            text19       002E86
__ptext2                             text2        002F78
__ptext20                            text20       002B64
__ptext21                            text21       002BCE
__ptext22                            text22       003048
__ptext23                            text23       003058
__ptext24                            text24       002D5C
__ptext25                            text25       003018
__ptext26                            text26       002C38
__ptext27                            text27       002FF8
__ptext28                            text28       002AEE
__ptext29                            text29       003036
__ptext3                             text3        001054
__ptext30                            text30       0020FC
__ptext31                            text31       002FAA
__ptext33                            text33       002F42
__ptext34                            text34       001BE0
__ptext35                            text35       0014E8
__ptext36                            text36       002A70
__ptext37                            text37       002E42
__ptext38                            text38       00243A
__ptext39                            text39       002710
__ptext4                             text4        0029F2
__ptext40                            text40       002660
__ptext41                            text41       0022AC
__ptext42                            text42       002FD2
__ptext43                            text43       002CA2
__ptext44                            text44       003068
__ptext45                            text45       000000
__ptext5                             text5        002DFC
__ptext6                             text6        0021E0
__ptext7                             text7        00285A
__ptext8                             text8        0027BE
__ptext9                             text9        00194E
__ramtop                             ramtop       001000
__size_of_ADD_NODE                   (abs)        000000
__size_of_INTERRUPT_InterruptManager (abs)        000000
__size_of_InitBBSPI                  (abs)        000000
__size_of_LCDInit                    (abs)        000000
__size_of_LCDPutChar                 (abs)        000000
__size_of_LCDPutInst                 (abs)        000000
__size_of_LCDPutStr                  (abs)        000000
__size_of_LINKED_LIST_INITIALIZATION (abs)        000000
__size_of_Port_BBSPIInit             (abs)        000000
__size_of_SYSTEM_INITIALIZATION      (abs)        000000
__size_of_SendByteBBSPI              (abs)        000000
__size_of_TMR0_INITIALIZATION        (abs)        000000
__size_of_TMR0_IRS                   (abs)        000000
__size_of_TMR1_INITIALIZATION        (abs)        000000
__size_of_UPDATE_TIMER               (abs)        000000
__size_of_WritePort_BBSPI            (abs)        000000
__size_of___awdiv                    (abs)        000000
__size_of___awmod                    (abs)        000000
__size_of___wmul                     (abs)        000000
__size_of_add                        (abs)        000000
__size_of_check_button               (abs)        000000
__size_of_clean_node                 (abs)        000000
__size_of_create_node                (abs)        000000
__size_of_dequeue                    (abs)        000000
__size_of_enqueue                    (abs)        000000
__size_of_getByte                    (abs)        000000
__size_of_get_temp_humid             (abs)        000000
__size_of_heater_heatpumper          (abs)        000000
__size_of_init_queue                 (abs)        000000
__size_of_main                       (abs)        000000
__size_of_printLCD_char              (abs)        000000
__size_of_printLCD_string            (abs)        000000
__size_of_print_temp_humid           (abs)        000000
__size_of_readDHT                    (abs)        000000
__size_of_read_button                (abs)        000000
__size_of_register_timer             (abs)        000000
__size_of_return_index               (abs)        000000
__size_of_start_timers               (abs)        000000
__size_of_timer_ISR                  (abs)        000000
__size_ofi2_ADD_NODE                 (abs)        000000
__size_ofi2___awmod                  (abs)        000000
__size_ofi2___wmul                   (abs)        000000
__size_ofi2_add                      (abs)        000000
__size_ofi2_create_node              (abs)        000000
__size_ofi2_return_index             (abs)        000000
__smallconst                         smallconst   001000
_add                                 text6        0021E0
_array                               bssBIGRAM    000CE0
_check_button                        text7        00285A
_check_index                         bssBANK1     000100
_clean_node                          text41       0022AC
_count                               dataBANK0    0000ED
_create_node                         text5        002DFC
_dequeue                             text15       002970
_enqueue                             text39       002710
_fan3                                bssBANK0     0000E6
_first_function                      bssBANK0     0000C8
_first_state                         bssBANK0     0000CC
_front                               bssBANK0     0000D2
_function_pushed                     bssBANK0     0000D4
_getByte                             text11       001F02
_get_temp_humid                      text8        0027BE
_head                                dataBANK0    0000EB
_heater_heatpumper                   text9        00194E
_humid                               bssBANK0     0000E0
_humidity_value                      bssBANK0     0000DA
_init_queue                          text21       002BCE
_main                                text0        00200A
_no_funcs                            bssBANK0     0000E2
_no_q                                bssBANK0     0000CE
_printLCD_char                       text13       002DB0
_printLCD_string                     text18       002F04
_print_temp_humid                    text12       0024FC
_queue                               bssBIGRAM    000128
_readDHT                             text10       001DEE
_read_button                         text43       002CA2
_rear                                bssBANK0     0000D0
_register_timer                      text2        002F78
_return_index                        text4        0029F2
_second_function                     bssBANK0     0000C6
_second_state                        bssBANK0     0000CA
_start_timers                        text1        00307C
_state                               bssBANK0     0000E4
_state_pushed                        bssBANK0     0000D6
_temper                              bssBANK0     0000DE
_temperature_value                   bssBANK0     0000DC
_time_each_state                     dataBANK0    0000E9
_time_out_dht                        bssCOMRAM    00005D
_timer_ISR                           text33       002F42
_timestamp                           bssBANK0     0000C0
_turn_fan3                           bssBANK0     0000D8
add@index                            cstackBANK0  00007B
add@temp                             cstackBANK0  00006E
btemp                                temp         00005F
check_button@check_but_state         bssBANK0     0000C4
clean_node@index                     cstackCOMRAM 000007
create_node@delay                    cstackBANK0  000068
create_node@function                 cstackBANK0  000070
create_node@period                   cstackBANK0  00006C
create_node@temp                     cstackBANK0  000075
dequeue@temp                         cstackBANK0  000073
end_of_initialization                cinit        002D52
enqueue@function                     cstackCOMRAM 000007
getByte@i                            cstackBANK0  00006A
getByte@j                            cstackBANK0  00006B
heater_heatpumper@check_off          dataBANK0    0000E7
i2ADD_NODE@delay                     cstackCOMRAM 00001B
i2ADD_NODE@function                  cstackCOMRAM 000023
i2ADD_NODE@index                     cstackCOMRAM 000047
i2ADD_NODE@loc                       cstackCOMRAM 000045
i2ADD_NODE@loop                      cstackCOMRAM 000032
i2ADD_NODE@next                      cstackCOMRAM 000034
i2ADD_NODE@period                    cstackCOMRAM 00001F
i2ADD_NODE@pre                       cstackCOMRAM 000036
i2ADD_NODE@temp                      cstackCOMRAM 000038
i2_ADD_NODE                          text35       0014E8
i2___awmod                           text40       002660
i2___awmod@counter                   cstackCOMRAM 000005
i2___awmod@dividend                  cstackCOMRAM 000001
i2___awmod@divisor                   cstackCOMRAM 000003
i2___awmod@sign                      cstackCOMRAM 000006
i2___wmul                            text42       002FD2
i2___wmul@multiplicand               cstackCOMRAM 000003
i2___wmul@multiplier                 cstackCOMRAM 000001
i2___wmul@product                    cstackCOMRAM 000005
i2_add                               text38       00243A
i2_create_node                       text37       002E42
i2_return_index                      text36       002A70
i2add@index                          cstackCOMRAM 000014
i2add@temp                           cstackCOMRAM 000007
i2create_node@delay                  cstackCOMRAM 000001
i2create_node@function               cstackCOMRAM 000009
i2create_node@period                 cstackCOMRAM 000005
i2create_node@temp                   cstackCOMRAM 00000E
i2return_index@i                     cstackCOMRAM 000005
init_queue@i                         cstackBANK0  00006E
int$flags                            temp         00005F
int_func                             intcode_body 0028EA
intlevel0                            text         000000
intlevel1                            text         000000
intlevel2                            text         000000
intlevel3                            text         000000
main@function                        cstackBANK0  0000BD
printLCD_char@c                      cstackBANK0  000073
printLCD_char@line                   cstackBANK0  000070
printLCD_char@position               cstackBANK0  000072
printLCD_string@array                cstackBANK0  000073
printLCD_string@line                 cstackBANK0  000071
readDHT@check_sum                    cstackBANK0  00006E
readDHT@temp                         cstackBANK0  00006F
register_timer@delay                 cstackBANK0  0000B0
register_timer@function              cstackBANK0  0000B8
register_timer@period                cstackBANK0  0000B4
return_index@i                       cstackBANK0  00006C
stackhi                              (abs)        000F5F
stacklo                              (abs)        000DE4
start                                init         00000E
start_initialization                 cinit        002D02
ttemp5                               temp         000060
ttemp6                               temp         000063
ttemp7                               temp         000067
wtemp8                               temp         000060


FUNCTION INFORMATION:

 *************** function _main *****************
 Defined at:
		line 129 in file "main.c"
 Parameters:    Size  Location     Type
		None
 Auto vars:     Size  Location     Type
  function        3   93[BANK0 ] PTR FTN()void 
		 -> get_temp_humid(1), check_button(1), heater_heatpumper(1), NULL(0), 
 Return value:  Size  Location     Type
                  1    wreg      void 
 Registers used:
		wreg, fsr0l, fsr0h, fsr1l, fsr1h, fsr2l, fsr2h, status,2, status,0, pclath, tosl, tblptrl, tblptrh, tblptru, prodl, prodh, cstack
 Tracked objects:
		On entry : 
		On exit  : 
		Unchanged: 
 Data sizes:     COMRAM   BANK0   BANK1   BANK2   BANK3   BANK4   BANK5   BANK6   BANK7   BANK8   BANK9  BANK10  BANK11  BANK12  BANK13  BANK14  BANK15
      Params:         0       0       0       0       0       0       0       0       0       0       0       0       0       0       0       0       0
      Locals:         0       3       0       0       0       0       0       0       0       0       0       0       0       0       0       0       0
      Temps:          0       0       0       0       0       0       0       0       0       0       0       0       0       0       0       0       0
      Totals:         0       3       0       0       0       0       0       0       0       0       0       0       0       0       0       0       0
Total ram usage:        3 bytes
 Hardware stack levels required when called:   12
 This function calls:
		_LINKED_LIST_INITIALIZATION
		_SYSTEM_INITIALIZATION
		_check_button
		_dequeue
		_get_temp_humid
		_heater_heatpumper
		_register_timer
		_start_timers
 This function is called by:
		Startup code after reset
 This function uses a non-reentrant model


 *************** function _start_timers *****************
 Defined at:
		line 5 in file "clock.c"
 Parameters:    Size  Location     Type
		None
 Auto vars:     Size  Location     Type
		None
 Return value:  Size  Location     Type
                  2  124[None  ] int 
 Registers used:
		None
 Tracked objects:
		On entry : 
		On exit  : 
		Unchanged: 
 Data sizes:     COMRAM   BANK0   BANK1   BANK2   BANK3   BANK4   BANK5   BANK6   BANK7   BANK8   BANK9  BANK10  BANK11  BANK12  BANK13  BANK14  BANK15
      Params:         0       0       0       0       0       0       0       0       0       0       0       0       0       0       0       0       0
      Locals:         0       0       0       0       0       0       0       0       0       0       0       0       0       0       0       0       0
      Temps:          0       0       0       0       0       0       0       0       0       0       0       0       0       0       0       0       0
      Totals:         0       0       0       0       0       0       0       0       0       0       0       0       0       0       0       0       0
Total ram usage:        0 bytes
 Hardware stack levels used:    1
 Hardware stack levels required when called:    6
 This function calls:
		Nothing
 This function is called by:
		_main
 This function uses a non-reentrant model


 *************** function _register_timer *****************
 Defined at:
		line 24 in file "clock.c"
 Parameters:    Size  Location     Type
  delay           4   80[BANK0 ] long 
  period          4   84[BANK0 ] long 
  function        3   88[BANK0 ] PTR FTN()void 
		 -> get_temp_humid(1), check_button(1), heater_heatpumper(1), 
 Auto vars:     Size  Location     Type
  timer_id        2    0        int 
 Return value:  Size  Location     Type
                  2   80[BANK0 ] int 
 Registers used:
		wreg, fsr0l, fsr0h, fsr1l, fsr1h, fsr2l, fsr2h, status,2, status,0, prodl, prodh, cstack
 Tracked objects:
		On entry : 
		On exit  : 
		Unchanged: 
 Data sizes:     COMRAM   BANK0   BANK1   BANK2   BANK3   BANK4   BANK5   BANK6   BANK7   BANK8   BANK9  BANK10  BANK11  BANK12  BANK13  BANK14  BANK15
      Params:         0      11       0       0       0       0       0       0       0       0       0       0       0       0       0       0       0
      Locals:         0       2       0       0       0       0       0       0       0       0       0       0       0       0       0       0       0
      Temps:          0       0       0       0       0       0       0       0       0       0       0       0       0       0       0       0       0
      Totals:         0      13       0       0       0       0       0       0       0       0       0       0       0       0       0       0       0
Total ram usage:       13 bytes
 Hardware stack levels used:    1
 Hardware stack levels required when called:    9
 This function calls:
		_ADD_NODE
 This function is called by:
		_main
 This function uses a non-reentrant model


 *************** function _ADD_NODE *****************
 Defined at:
		line 15 in file "linked_list.c"
 Parameters:    Size  Location     Type
  delay           4   34[BANK0 ] long 
  period          4   38[BANK0 ] long 
  function        3   42[BANK0 ] PTR FTN()void 
		 -> get_temp_humid(1), check_button(1), heater_heatpumper(1), NULL(0), 
 Auto vars:     Size  Location     Type
  next            2   59[BANK0 ] int 
  loc             2   76[BANK0 ] int 
  pre             2   61[BANK0 ] int 
  loop            2   57[BANK0 ] int 
  temp           13   63[BANK0 ] struct Node
  index           2   78[BANK0 ] int 
 Return value:  Size  Location     Type
                  2   34[BANK0 ] int 
 Registers used:
		wreg, fsr0l, fsr0h, fsr1l, fsr1h, fsr2l, fsr2h, status,2, status,0, prodl, prodh, cstack
 Tracked objects:
		On entry : 
		On exit  : 
		Unchanged: 
 Data sizes:     COMRAM   BANK0   BANK1   BANK2   BANK3   BANK4   BANK5   BANK6   BANK7   BANK8   BANK9  BANK10  BANK11  BANK12  BANK13  BANK14  BANK15
      Params:         0      11       0       0       0       0       0       0       0       0       0       0       0       0       0       0       0
      Locals:         0      23       0       0       0       0       0       0       0       0       0       0       0       0       0       0       0
      Temps:          0      12       0       0       0       0       0       0       0       0       0       0       0       0       0       0       0
      Totals:         0      46       0       0       0       0       0       0       0       0       0       0       0       0       0       0       0
Total ram usage:       46 bytes
 Hardware stack levels used:    1
 Hardware stack levels required when called:    8
 This function calls:
		___wmul
		_add
		_create_node
		_return_index
 This function is called by:
		_register_timer
 This function uses a non-reentrant model


 *************** function _return_index *****************
 Defined at:
		line 115 in file "linked_list.c"
 Parameters:    Size  Location     Type
		None
 Auto vars:     Size  Location     Type
  i               2   12[BANK0 ] int 
 Return value:  Size  Location     Type
                  2    8[BANK0 ] int 
 Registers used:
		wreg, fsr2l, fsr2h, status,2, status,0
 Tracked objects:
		On entry : 
		On exit  : 
		Unchanged: 
 Data sizes:     COMRAM   BANK0   BANK1   BANK2   BANK3   BANK4   BANK5   BANK6   BANK7   BANK8   BANK9  BANK10  BANK11  BANK12  BANK13  BANK14  BANK15
      Params:         0       2       0       0       0       0       0       0       0       0       0       0       0       0       0       0       0
      Locals:         0       2       0       0       0       0       0       0       0       0       0       0       0       0       0       0       0
      Temps:          0       2       0       0       0       0       0       0       0       0       0       0       0       0       0       0       0
      Totals:         0       6       0       0       0       0       0       0       0       0       0       0       0       0       0       0       0
Total ram usage:        6 bytes
 Hardware stack levels used:    1
 Hardware stack levels required when called:    6
 This function calls:
		Nothing
 This function is called by:
		_ADD_NODE
 This function uses a non-reentrant model


 *************** function _create_node *****************
 Defined at:
		line 137 in file "linked_list.c"
 Parameters:    Size  Location     Type
  delay           4    8[BANK0 ] long 
  period          4   12[BANK0 ] long 
  function        3   16[BANK0 ] PTR FTN()void 
		 -> get_temp_humid(1), check_button(1), heater_heatpumper(1), NULL(0), 
 Auto vars:     Size  Location     Type
  temp           13   21[BANK0 ] struct Node
 Return value:  Size  Location     Type
                  13    8[BANK0 ] struct Node
 Registers used:
		wreg, fsr0l, fsr0h, fsr2l, fsr2h, status,2, status,0
 Tracked objects:
		On entry : 
		On exit  : 
		Unchanged: 
 Data sizes:     COMRAM   BANK0   BANK1   BANK2   BANK3   BANK4   BANK5   BANK6   BANK7   BANK8   BANK9  BANK10  BANK11  BANK12  BANK13  BANK14  BANK15
      Params:         0      13       0       0       0       0       0       0       0       0       0       0       0       0       0       0       0
      Locals:         0      13       0       0       0       0       0       0       0       0       0       0       0       0       0       0       0
      Temps:          0       0       0       0       0       0       0       0       0       0       0       0       0       0       0       0       0
      Totals:         0      26       0       0       0       0       0       0       0       0       0       0       0       0       0       0       0
Total ram usage:       26 bytes
 Hardware stack levels used:    1
 Hardware stack levels required when called:    6
 This function calls:
		Nothing
 This function is called by:
		_ADD_NODE
 This function uses a non-reentrant model


 *************** function _add *****************
 Defined at:
		line 107 in file "linked_list.c"
 Parameters:    Size  Location     Type
  temp           13   14[BANK0 ] struct Node
  index           2   27[BANK0 ] int 
 Auto vars:     Size  Location     Type
		None
 Return value:  Size  Location     Type
                  1    wreg      void 
 Registers used:
		wreg, fsr1l, fsr1h, fsr2l, fsr2h, status,2, status,0, prodl, prodh, cstack
 Tracked objects:
		On entry : 
		On exit  : 
		Unchanged: 
 Data sizes:     COMRAM   BANK0   BANK1   BANK2   BANK3   BANK4   BANK5   BANK6   BANK7   BANK8   BANK9  BANK10  BANK11  BANK12  BANK13  BANK14  BANK15
      Params:         0      15       0       0       0       0       0       0       0       0       0       0       0       0       0       0       0
      Locals:         0       0       0       0       0       0       0       0       0       0       0       0       0       0       0       0       0
      Temps:          0       0       0       0       0       0       0       0       0       0       0       0       0       0       0       0       0
      Totals:         0      15       0       0       0       0       0       0       0       0       0       0       0       0       0       0       0
Total ram usage:       15 bytes
 Hardware stack levels used:    1
 Hardware stack levels required when called:    7
 This function calls:
		___wmul
 This function is called by:
		_ADD_NODE
 This function uses a non-reentrant model


 *************** function _check_button *****************
 Defined at:
		line 87 in file "main.c"
 Parameters:    Size  Location     Type
		None
 Auto vars:     Size  Location     Type
		None
 Return value:  Size  Location     Type
                  1    wreg      void 
 Registers used:
		wreg, status,2, status,0
 Tracked objects:
		On entry : 
		On exit  : 
		Unchanged: 
 Data sizes:     COMRAM   BANK0   BANK1   BANK2   BANK3   BANK4   BANK5   BANK6   BANK7   BANK8   BANK9  BANK10  BANK11  BANK12  BANK13  BANK14  BANK15
      Params:         0       0       0       0       0       0       0       0       0       0       0       0       0       0       0       0       0
      Locals:         0       0       0       0       0       0       0       0       0       0       0       0       0       0       0       0       0
      Temps:          0       0       0       0       0       0       0       0       0       0       0       0       0       0       0       0       0
      Totals:         0       0       0       0       0       0       0       0       0       0       0       0       0       0       0       0       0
Total ram usage:        0 bytes
 Hardware stack levels used:    1
 Hardware stack levels required when called:    6
 This function calls:
		Nothing
 This function is called by:
		_main
 This function uses a non-reentrant model


 *************** function _get_temp_humid *****************
 Defined at:
		line 68 in file "dht11.c"
 Parameters:    Size  Location     Type
		None
 Auto vars:     Size  Location     Type
		None
 Return value:  Size  Location     Type
                  1    wreg      void 
 Registers used:
		wreg, status,2, status,0, cstack
 Tracked objects:
		On entry : 
		On exit  : 
		Unchanged: 
 Data sizes:     COMRAM   BANK0   BANK1   BANK2   BANK3   BANK4   BANK5   BANK6   BANK7   BANK8   BANK9  BANK10  BANK11  BANK12  BANK13  BANK14  BANK15
      Params:         0       0       0       0       0       0       0       0       0       0       0       0       0       0       0       0       0
      Locals:         0       0       0       0       0       0       0       0       0       0       0       0       0       0       0       0       0
      Temps:          0       0       0       0       0       0       0       0       0       0       0       0       0       0       0       0       0
      Totals:         0       0       0       0       0       0       0       0       0       0       0       0       0       0       0       0       0
Total ram usage:        0 bytes
 Hardware stack levels used:    1
 Hardware stack levels required when called:   11
 This function calls:
		_print_temp_humid
		_readDHT
 This function is called by:
		_main
 This function uses a non-reentrant model


 *************** function _heater_heatpumper *****************
 Defined at:
		line 25 in file "main.c"
 Parameters:    Size  Location     Type
		None
 Auto vars:     Size  Location     Type
		None
 Return value:  Size  Location     Type
                  1    wreg      void 
 Registers used:
		wreg, status,2, status,0, tblptrl, tblptrh, tblptru, cstack
 Tracked objects:
		On entry : 
		On exit  : 
		Unchanged: 
 Data sizes:     COMRAM   BANK0   BANK1   BANK2   BANK3   BANK4   BANK5   BANK6   BANK7   BANK8   BANK9  BANK10  BANK11  BANK12  BANK13  BANK14  BANK15
      Params:         0       0       0       0       0       0       0       0       0       0       0       0       0       0       0       0       0
      Locals:         0       0       0       0       0       0       0       0       0       0       0       0       0       0       0       0       0
      Temps:          0       0       0       0       0       0       0       0       0       0       0       0       0       0       0       0       0
      Totals:         0       0       0       0       0       0       0       0       0       0       0       0       0       0       0       0       0
Total ram usage:        0 bytes
 Hardware stack levels used:    1
 Hardware stack levels required when called:   11
 This function calls:
		___awdiv
		___awmod
		_printLCD_char
		_printLCD_string
 This function is called by:
		_main
 This function uses a non-reentrant model


 *************** function _readDHT *****************
 Defined at:
		line 22 in file "dht11.c"
 Parameters:    Size  Location     Type
		None
 Auto vars:     Size  Location     Type
  temp            1   15[BANK0 ] unsigned char 
  check_sum       1   14[BANK0 ] unsigned char 
 Return value:  Size  Location     Type
                  1    wreg      unsigned char 
 Registers used:
		wreg, status,2, status,0, cstack
 Tracked objects:
		On entry : 
		On exit  : 
		Unchanged: 
 Data sizes:     COMRAM   BANK0   BANK1   BANK2   BANK3   BANK4   BANK5   BANK6   BANK7   BANK8   BANK9  BANK10  BANK11  BANK12  BANK13  BANK14  BANK15
      Params:         0       0       0       0       0       0       0       0       0       0       0       0       0       0       0       0       0
      Locals:         0       2       0       0       0       0       0       0       0       0       0       0       0       0       0       0       0
      Temps:          0       2       0       0       0       0       0       0       0       0       0       0       0       0       0       0       0
      Totals:         0       4       0       0       0       0       0       0       0       0       0       0       0       0       0       0       0
Total ram usage:        4 bytes
 Hardware stack levels used:    1
 Hardware stack levels required when called:    7
 This function calls:
		_getByte
 This function is called by:
		_get_temp_humid
 This function uses a non-reentrant model


 *************** function _getByte *****************
 Defined at:
		line 3 in file "dht11.c"
 Parameters:    Size  Location     Type
		None
 Auto vars:     Size  Location     Type
  j               1   11[BANK0 ] unsigned char 
  i               1   10[BANK0 ] unsigned char 
 Return value:  Size  Location     Type
                  1    wreg      unsigned char 
 Registers used:
		wreg, status,2, status,0
 Tracked objects:
		On entry : 
		On exit  : 
		Unchanged: 
 Data sizes:     COMRAM   BANK0   BANK1   BANK2   BANK3   BANK4   BANK5   BANK6   BANK7   BANK8   BANK9  BANK10  BANK11  BANK12  BANK13  BANK14  BANK15
      Params:         0       0       0       0       0       0       0       0       0       0       0       0       0       0       0       0       0
      Locals:         0       2       0       0       0       0       0       0       0       0       0       0       0       0       0       0       0
      Temps:          0       2       0       0       0       0       0       0       0       0       0       0       0       0       0       0       0
      Totals:         0       4       0       0       0       0       0       0       0       0       0       0       0       0       0       0       0
Total ram usage:        4 bytes
 Hardware stack levels used:    1
 Hardware stack levels required when called:    6
 This function calls:
		Nothing
 This function is called by:
		_readDHT
 This function uses a non-reentrant model


 *************** function _print_temp_humid *****************
 Defined at:
		line 88 in file "dht11.c"
 Parameters:    Size  Location     Type
		None
 Auto vars:     Size  Location     Type
		None
 Return value:  Size  Location     Type
                  1    wreg      void 
 Registers used:
		wreg, status,2, status,0, cstack
 Tracked objects:
		On entry : 
		On exit  : 
		Unchanged: 
 Data sizes:     COMRAM   BANK0   BANK1   BANK2   BANK3   BANK4   BANK5   BANK6   BANK7   BANK8   BANK9  BANK10  BANK11  BANK12  BANK13  BANK14  BANK15
      Params:         0       0       0       0       0       0       0       0       0       0       0       0       0       0       0       0       0
      Locals:         0       0       0       0       0       0       0       0       0       0       0       0       0       0       0       0       0
      Temps:          0       0       0       0       0       0       0       0       0       0       0       0       0       0       0       0       0
      Totals:         0       0       0       0       0       0       0       0       0       0       0       0       0       0       0       0       0
Total ram usage:        0 bytes
 Hardware stack levels used:    1
 Hardware stack levels required when called:   10
 This function calls:
		___awdiv
		___awmod
		_printLCD_char
 This function is called by:
		_get_temp_humid
 This function uses a non-reentrant model


 *************** function _printLCD_char *****************
 Defined at:
		line 180 in file "BBSPI_LCD.c"
 Parameters:    Size  Location     Type
  line            2   16[BANK0 ] int 
  position        1   18[BANK0 ] unsigned char 
  c               1   19[BANK0 ] unsigned char 
 Auto vars:     Size  Location     Type
		None
 Return value:  Size  Location     Type
                  1    wreg      void 
 Registers used:
		wreg, status,2, status,0, cstack
 Tracked objects:
		On entry : 
		On exit  : 
		Unchanged: 
 Data sizes:     COMRAM   BANK0   BANK1   BANK2   BANK3   BANK4   BANK5   BANK6   BANK7   BANK8   BANK9  BANK10  BANK11  BANK12  BANK13  BANK14  BANK15
      Params:         0       4       0       0       0       0       0       0       0       0       0       0       0       0       0       0       0
      Locals:         0       0       0       0       0       0       0       0       0       0       0       0       0       0       0       0       0
      Temps:          0       0       0       0       0       0       0       0       0       0       0       0       0       0       0       0       0
      Totals:         0       4       0       0       0       0       0       0       0       0       0       0       0       0       0       0       0
Total ram usage:        4 bytes
 Hardware stack levels used:    1
 Hardware stack levels required when called:    9
 This function calls:
		_LCDPutChar
		_LCDPutInst
 This function is called by:
		_heater_heatpumper
		_print_temp_humid
 This function uses a non-reentrant model


 *************** function ___awdiv *****************
 Defined at:
		line 7 in file "C:\Program Files (x86)\Microchip\xc8\v2.10\pic\sources\c99\common\awdiv.c"
 Parameters:    Size  Location     Type
  dividend        2    8[BANK0 ] int 
  divisor         2   10[BANK0 ] int 
 Auto vars:     Size  Location     Type
  quotient        2   14[BANK0 ] int 
  sign            1   13[BANK0 ] unsigned char 
  counter         1   12[BANK0 ] unsigned char 
 Return value:  Size  Location     Type
                  2    8[BANK0 ] int 
 Registers used:
		wreg, status,2, status,0
 Tracked objects:
		On entry : 
		On exit  : 
		Unchanged: 
 Data sizes:     COMRAM   BANK0   BANK1   BANK2   BANK3   BANK4   BANK5   BANK6   BANK7   BANK8   BANK9  BANK10  BANK11  BANK12  BANK13  BANK14  BANK15
      Params:         0       4       0       0       0       0       0       0       0       0       0       0       0       0       0       0       0
      Locals:         0       4       0       0       0       0       0       0       0       0       0       0       0       0       0       0       0
      Temps:          0       0       0       0       0       0       0       0       0       0       0       0       0       0       0       0       0
      Totals:         0       8       0       0       0       0       0       0       0       0       0       0       0       0       0       0       0
Total ram usage:        8 bytes
 Hardware stack levels used:    1
 Hardware stack levels required when called:    6
 This function calls:
		Nothing
 This function is called by:
		_heater_heatpumper
		_print_temp_humid
 This function uses a non-reentrant model


 *************** function _dequeue *****************
 Defined at:
		line 155 in file "linked_list.c"
 Parameters:    Size  Location     Type
		None
 Auto vars:     Size  Location     Type
  temp            3   19[BANK0 ] PTR FTN()void 
		 -> get_temp_humid(1), check_button(1), heater_heatpumper(1), NULL(0), 
 Return value:  Size  Location     Type
                  3   16[BANK0 ] PTR FTN()void 
 Registers used:
		wreg, fsr2l, fsr2h, status,2, status,0, prodl, prodh, cstack
 Tracked objects:
		On entry : 
		On exit  : 
		Unchanged: 
 Data sizes:     COMRAM   BANK0   BANK1   BANK2   BANK3   BANK4   BANK5   BANK6   BANK7   BANK8   BANK9  BANK10  BANK11  BANK12  BANK13  BANK14  BANK15
      Params:         0       3       0       0       0       0       0       0       0       0       0       0       0       0       0       0       0
      Locals:         0       3       0       0       0       0       0       0       0       0       0       0       0       0       0       0       0
      Temps:          0       0       0       0       0       0       0       0       0       0       0       0       0       0       0       0       0
      Totals:         0       6       0       0       0       0       0       0       0       0       0       0       0       0       0       0       0
Total ram usage:        6 bytes
 Hardware stack levels used:    1
 Hardware stack levels required when called:    8
 This function calls:
		___awmod
		___wmul
		_init_queue
 This function is called by:
		_main
 This function uses a non-reentrant model


 *************** function ___awmod *****************
 Defined at:
		line 7 in file "C:\Program Files (x86)\Microchip\xc8\v2.10\pic\sources\c99\common\awmod.c"
 Parameters:    Size  Location     Type
  dividend        2    8[BANK0 ] int 
  divisor         2   10[BANK0 ] int 
 Auto vars:     Size  Location     Type
  sign            1   13[BANK0 ] unsigned char 
  counter         1   12[BANK0 ] unsigned char 
 Return value:  Size  Location     Type
                  2    8[BANK0 ] int 
 Registers used:
		wreg, status,2, status,0
 Tracked objects:
		On entry : 
		On exit  : 
		Unchanged: 
 Data sizes:     COMRAM   BANK0   BANK1   BANK2   BANK3   BANK4   BANK5   BANK6   BANK7   BANK8   BANK9  BANK10  BANK11  BANK12  BANK13  BANK14  BANK15
      Params:         0       4       0       0       0       0       0       0       0       0       0       0       0       0       0       0       0
      Locals:         0       2       0       0       0       0       0       0       0       0       0       0       0       0       0       0       0
      Temps:          0       0       0       0       0       0       0       0       0       0       0       0       0       0       0       0       0
      Totals:         0       6       0       0       0       0       0       0       0       0       0       0       0       0       0       0       0
Total ram usage:        6 bytes
 Hardware stack levels used:    1
 Hardware stack levels required when called:    6
 This function calls:
		Nothing
 This function is called by:
		_dequeue
		_heater_heatpumper
		_print_temp_humid
 This function uses a non-reentrant model


 *************** function _SYSTEM_INITIALIZATION *****************
 Defined at:
		line 110 in file "main.c"
 Parameters:    Size  Location     Type
		None
 Auto vars:     Size  Location     Type
		None
 Return value:  Size  Location     Type
                  1    wreg      void 
 Registers used:
		wreg, fsr2l, fsr2h, status,2, status,0, tblptrl, tblptrh, tblptru, prodl, prodh, cstack
 Tracked objects:
		On entry : 
		On exit  : 
		Unchanged: 
 Data sizes:     COMRAM   BANK0   BANK1   BANK2   BANK3   BANK4   BANK5   BANK6   BANK7   BANK8   BANK9  BANK10  BANK11  BANK12  BANK13  BANK14  BANK15
      Params:         0       0       0       0       0       0       0       0       0       0       0       0       0       0       0       0       0
      Locals:         0       0       0       0       0       0       0       0       0       0       0       0       0       0       0       0       0
      Temps:          0       0       0       0       0       0       0       0       0       0       0       0       0       0       0       0       0
      Totals:         0       0       0       0       0       0       0       0       0       0       0       0       0       0       0       0       0
Total ram usage:        0 bytes
 Hardware stack levels used:    1
 Hardware stack levels required when called:   11
 This function calls:
		_LCDInit
		_TMR0_INITIALIZATION
		_TMR1_INITIALIZATION
		_init_queue
		_printLCD_string
 This function is called by:
		_main
 This function uses a non-reentrant model


 *************** function _printLCD_string *****************
 Defined at:
		line 168 in file "BBSPI_LCD.c"
 Parameters:    Size  Location     Type
  line            2   17[BANK0 ] int 
  array           2   19[BANK0 ] PTR unsigned char 
		 -> STR_5(15), STR_4(16), STR_3(17), STR_2(17), 
		 -> STR_1(17), 
 Auto vars:     Size  Location     Type
		None
 Return value:  Size  Location     Type
                  1    wreg      void 
 Registers used:
		wreg, status,2, status,0, tblptrl, tblptrh, tblptru, cstack
 Tracked objects:
		On entry : 
		On exit  : 
		Unchanged: 
 Data sizes:     COMRAM   BANK0   BANK1   BANK2   BANK3   BANK4   BANK5   BANK6   BANK7   BANK8   BANK9  BANK10  BANK11  BANK12  BANK13  BANK14  BANK15
      Params:         0       4       0       0       0       0       0       0       0       0       0       0       0       0       0       0       0
      Locals:         0       0       0       0       0       0       0       0       0       0       0       0       0       0       0       0       0
      Temps:          0       0       0       0       0       0       0       0       0       0       0       0       0       0       0       0       0
[...]
 Parameters:    Size  Location     Type
		None
 Auto vars:     Size  Location     Type
  period          4   80[COMRAM] long 
  delay           4   76[COMRAM] long 
  function        3   84[COMRAM] PTR FTN()void 
		 -> get_temp_humid(1), check_button(1), heater_heatpumper(1), NULL(0), 
  temp_head       2   90[COMRAM] int 
 Return value:  Size  Location     Type
                  1    wreg      void 
 Registers used:
		wreg, fsr0l, fsr0h, fsr1l, fsr1h, fsr2l, fsr2h, status,2, status,0, prodl, prodh, cstack
 Tracked objects:
		On entry : 
		On exit  : 
		Unchanged: 
 Data sizes:     COMRAM   BANK0   BANK1   BANK2   BANK3   BANK4   BANK5   BANK6   BANK7   BANK8   BANK9  BANK10  BANK11  BANK12  BANK13  BANK14  BANK15
      Params:         0       0       0       0       0       0       0       0       0       0       0       0       0       0       0       0       0
      Locals:        16       0       0       0       0       0       0       0       0       0       0       0       0       0       0       0       0
      Temps:          4       0       0       0       0       0       0       0       0       0       0       0       0       0       0       0       0
      Totals:        20       0       0       0       0       0       0       0       0       0       0       0       0       0       0       0       0
Total ram usage:       20 bytes
 Hardware stack levels used:    1
 Hardware stack levels required when called:    3
 This function calls:
		_clean_node
		_enqueue
		i2_ADD_NODE
		i2___wmul
 This function is called by:
		_timer_ISR
 This function uses a non-reentrant model


 *************** function i2_ADD_NODE *****************
 Defined at:
		line 15 in file "linked_list.c"
 Parameters:    Size  Location     Type
  delay           4   26[COMRAM] long 
  period          4   30[COMRAM] long 
  function        3   34[COMRAM] PTR FTN()void 
		 -> get_temp_humid(1), check_button(1), heater_heatpumper(1), NULL(0), 
 Auto vars:     Size  Location     Type
  ADD_NODE       13   55[COMRAM] struct Node
  ADD_NODE        2   70[COMRAM] int 
  ADD_NODE        2   68[COMRAM] int 
  ADD_NODE        2   53[COMRAM] int 
  ADD_NODE        2   51[COMRAM] int 
  ADD_NODE        2   49[COMRAM] int 
 Return value:  Size  Location     Type
                  2   26[COMRAM] int 
 Registers used:
		wreg, fsr0l, fsr0h, fsr1l, fsr1h, fsr2l, fsr2h, status,2, status,0, prodl, prodh, cstack
 Tracked objects:
		On entry : 
		On exit  : 
		Unchanged: 
 Data sizes:     COMRAM   BANK0   BANK1   BANK2   BANK3   BANK4   BANK5   BANK6   BANK7   BANK8   BANK9  BANK10  BANK11  BANK12  BANK13  BANK14  BANK15
      Params:        11       0       0       0       0       0       0       0       0       0       0       0       0       0       0       0       0
      Locals:        23       0       0       0       0       0       0       0       0       0       0       0       0       0       0       0       0
      Temps:         12       0       0       0       0       0       0       0       0       0       0       0       0       0       0       0       0
      Totals:        46       0       0       0       0       0       0       0       0       0       0       0       0       0       0       0       0
Total ram usage:       46 bytes
 Hardware stack levels used:    1
 Hardware stack levels required when called:    2
 This function calls:
		i2___wmul
		i2_add
		i2_create_node
		i2_return_index
 This function is called by:
		_UPDATE_TIMER
 This function uses a non-reentrant model


 *************** function i2_return_index *****************
 Defined at:
		line 115 in file "linked_list.c"
 Parameters:    Size  Location     Type
		None
 Auto vars:     Size  Location     Type
  return_index    2    4[COMRAM] int 
 Return value:  Size  Location     Type
                  2    0[COMRAM] int 
 Registers used:
		wreg, fsr2l, fsr2h, status,2, status,0
 Tracked objects:
		On entry : 
		On exit  : 
		Unchanged: 
 Data sizes:     COMRAM   BANK0   BANK1   BANK2   BANK3   BANK4   BANK5   BANK6   BANK7   BANK8   BANK9  BANK10  BANK11  BANK12  BANK13  BANK14  BANK15
      Params:         2       0       0       0       0       0       0       0       0       0       0       0       0       0       0       0       0
      Locals:         2       0       0       0       0       0       0       0       0       0       0       0       0       0       0       0       0
      Temps:          2       0       0       0       0       0       0       0       0       0       0       0       0       0       0       0       0
      Totals:         6       0       0       0       0       0       0       0       0       0       0       0       0       0       0       0       0
Total ram usage:        6 bytes
 Hardware stack levels used:    1
 This function calls:
		Nothing
 This function is called by:
		i2_ADD_NODE
 This function uses a non-reentrant model


 *************** function i2_create_node *****************
 Defined at:
		line 137 in file "linked_list.c"
 Parameters:    Size  Location     Type
  delay           4    0[COMRAM] long 
  period          4    4[COMRAM] long 
  function        3    8[COMRAM] PTR FTN()void 
		 -> get_temp_humid(1), check_button(1), heater_heatpumper(1), NULL(0), 
 Auto vars:     Size  Location     Type
  create_node    13   13[COMRAM] struct Node
 Return value:  Size  Location     Type
                  13    0[COMRAM] struct Node
 Registers used:
		wreg, fsr0l, fsr0h, fsr2l, fsr2h, status,2, status,0
 Tracked objects:
		On entry : 
		On exit  : 
		Unchanged: 
 Data sizes:     COMRAM   BANK0   BANK1   BANK2   BANK3   BANK4   BANK5   BANK6   BANK7   BANK8   BANK9  BANK10  BANK11  BANK12  BANK13  BANK14  BANK15
      Params:        13       0       0       0       0       0       0       0       0       0       0       0       0       0       0       0       0
      Locals:        13       0       0       0       0       0       0       0       0       0       0       0       0       0       0       0       0
      Temps:          0       0       0       0       0       0       0       0       0       0       0       0       0       0       0       0       0
      Totals:        26       0       0       0       0       0       0       0       0       0       0       0       0       0       0       0       0
Total ram usage:       26 bytes
 Hardware stack levels used:    1
 This function calls:
		Nothing
 This function is called by:
		i2_ADD_NODE
 This function uses a non-reentrant model


 *************** function i2_add *****************
 Defined at:
		line 107 in file "linked_list.c"
 Parameters:    Size  Location     Type
  temp           13    6[COMRAM] struct Node
  index           2   19[COMRAM] int 
 Auto vars:     Size  Location     Type
		None
 Return value:  Size  Location     Type
                  1    wreg      void 
 Registers used:
		wreg, fsr1l, fsr1h, fsr2l, fsr2h, status,2, status,0, prodl, prodh, cstack
 Tracked objects:
		On entry : 
		On exit  : 
		Unchanged: 
 Data sizes:     COMRAM   BANK0   BANK1   BANK2   BANK3   BANK4   BANK5   BANK6   BANK7   BANK8   BANK9  BANK10  BANK11  BANK12  BANK13  BANK14  BANK15
      Params:        15       0       0       0       0       0       0       0       0       0       0       0       0       0       0       0       0
      Locals:         0       0       0       0       0       0       0       0       0       0       0       0       0       0       0       0       0
      Temps:          0       0       0       0       0       0       0       0       0       0       0       0       0       0       0       0       0
      Totals:        15       0       0       0       0       0       0       0       0       0       0       0       0       0       0       0       0
Total ram usage:       15 bytes
 Hardware stack levels used:    1
 Hardware stack levels required when called:    1
 This function calls:
		i2___wmul
 This function is called by:
		i2_ADD_NODE
 This function uses a non-reentrant model


 *************** function _enqueue *****************
 Defined at:
		line 169 in file "linked_list.c"
 Parameters:    Size  Location     Type
  function        3    6[COMRAM] PTR FTN()void 
		 -> get_temp_humid(1), check_button(1), heater_heatpumper(1), NULL(0), 
 Auto vars:     Size  Location     Type
		None
 Return value:  Size  Location     Type
                  1    wreg      void 
 Registers used:
		wreg, fsr2l, fsr2h, status,2, status,0, prodl, prodh, cstack
 Tracked objects:
		On entry : 
		On exit  : 
		Unchanged: 
 Data sizes:     COMRAM   BANK0   BANK1   BANK2   BANK3   BANK4   BANK5   BANK6   BANK7   BANK8   BANK9  BANK10  BANK11  BANK12  BANK13  BANK14  BANK15
      Params:         3       0       0       0       0       0       0       0       0       0       0       0       0       0       0       0       0
      Locals:         0       0       0       0       0       0       0       0       0       0       0       0       0       0       0       0       0
      Temps:          0       0       0       0       0       0       0       0       0       0       0       0       0       0       0       0       0
      Totals:         3       0       0       0       0       0       0       0       0       0       0       0       0       0       0       0       0
Total ram usage:        3 bytes
 Hardware stack levels used:    1
 Hardware stack levels required when called:    1
 This function calls:
		i2___awmod
		i2___wmul
 This function is called by:
		_UPDATE_TIMER
 This function uses a non-reentrant model


 *************** function i2___awmod *****************
 Defined at:
		line 7 in file "C:\Program Files (x86)\Microchip\xc8\v2.10\pic\sources\c99\common\awmod.c"
 Parameters:    Size  Location     Type
  dividend        2    0[COMRAM] int 
  divisor         2    2[COMRAM] int 
 Auto vars:     Size  Location     Type
  __awmod         1    5[COMRAM] unsigned char 
  __awmod         1    4[COMRAM] unsigned char 
 Return value:  Size  Location     Type
                  2    0[COMRAM] int 
 Registers used:
		wreg, status,2, status,0
 Tracked objects:
		On entry : 
		On exit  : 
		Unchanged: 
 Data sizes:     COMRAM   BANK0   BANK1   BANK2   BANK3   BANK4   BANK5   BANK6   BANK7   BANK8   BANK9  BANK10  BANK11  BANK12  BANK13  BANK14  BANK15
      Params:         4       0       0       0       0       0       0       0       0       0       0       0       0       0       0       0       0
      Locals:         2       0       0       0       0       0       0       0       0       0       0       0       0       0       0       0       0
      Temps:          0       0       0       0       0       0       0       0       0       0       0       0       0       0       0       0       0
      Totals:         6       0       0       0       0       0       0       0       0       0       0       0       0       0       0       0       0
Total ram usage:        6 bytes
 Hardware stack levels used:    1
 This function calls:
		Nothing
 This function is called by:
		_enqueue
 This function uses a non-reentrant model


 *************** function _clean_node *****************
 Defined at:
		line 127 in file "linked_list.c"
 Parameters:    Size  Location     Type
  index           2    6[COMRAM] int 
 Auto vars:     Size  Location     Type
		None
 Return value:  Size  Location     Type
                  1    wreg      void 
 Registers used:
		wreg, fsr2l, fsr2h, status,2, status,0, prodl, prodh, cstack
 Tracked objects:
		On entry : 
		On exit  : 
		Unchanged: 
 Data sizes:     COMRAM   BANK0   BANK1   BANK2   BANK3   BANK4   BANK5   BANK6   BANK7   BANK8   BANK9  BANK10  BANK11  BANK12  BANK13  BANK14  BANK15
      Params:         2       0       0       0       0       0       0       0       0       0       0       0       0       0       0       0       0
      Locals:         0       0       0       0       0       0       0       0       0       0       0       0       0       0       0       0       0
      Temps:          0       0       0       0       0       0       0       0       0       0       0       0       0       0       0       0       0
      Totals:         2       0       0       0       0       0       0       0       0       0       0       0       0       0       0       0       0
Total ram usage:        2 bytes
 Hardware stack levels used:    1
 Hardware stack levels required when called:    1
 This function calls:
		i2___wmul
 This function is called by:
		_UPDATE_TIMER
		_REMOVE_NODE
 This function uses a non-reentrant model


 *************** function i2___wmul *****************
 Defined at:
		line 15 in file "C:\Program Files (x86)\Microchip\xc8\v2.10\pic\sources\c99\common\Umul16.c"
 Parameters:    Size  Location     Type
  multiplier      2    0[COMRAM] unsigned int 
  multiplicand    2    2[COMRAM] unsigned int 
 Auto vars:     Size  Location     Type
  __wmul          2    4[COMRAM] unsigned int 
 Return value:  Size  Location     Type
                  2    0[COMRAM] unsigned int 
 Registers used:
		wreg, status,2, status,0, prodl, prodh
 Tracked objects:
		On entry : 
		On exit  : 
		Unchanged: 
 Data sizes:     COMRAM   BANK0   BANK1   BANK2   BANK3   BANK4   BANK5   BANK6   BANK7   BANK8   BANK9  BANK10  BANK11  BANK12  BANK13  BANK14  BANK15
      Params:         4       0       0       0       0       0       0       0       0       0       0       0       0       0       0       0       0
      Locals:         2       0       0       0       0       0       0       0       0       0       0       0       0       0       0       0       0
      Temps:          0       0       0       0       0       0       0       0       0       0       0       0       0       0       0       0       0
      Totals:         6       0       0       0       0       0       0       0       0       0       0       0       0       0       0       0       0
Total ram usage:        6 bytes
 Hardware stack levels used:    1
 This function calls:
		Nothing
 This function is called by:
		_UPDATE_TIMER
		_clean_node
		_enqueue
		i2_ADD_NODE
		i2_add
 This function uses a non-reentrant model


 *************** function _read_button *****************
 Defined at:
		line 19 in file "interrupt.c"
 Parameters:    Size  Location     Type
		None
 Auto vars:     Size  Location     Type
		None
 Return value:  Size  Location     Type
                  1    wreg      void 
 Registers used:
		wreg, status,2, status,0
 Tracked objects:
		On entry : 
		On exit  : 
		Unchanged: 
 Data sizes:     COMRAM   BANK0   BANK1   BANK2   BANK3   BANK4   BANK5   BANK6   BANK7   BANK8   BANK9  BANK10  BANK11  BANK12  BANK13  BANK14  BANK15
      Params:         0       0       0       0       0       0       0       0       0       0       0       0       0       0       0       0       0
      Locals:         0       0       0       0       0       0       0       0       0       0       0       0       0       0       0       0       0
      Temps:          1       0       0       0       0       0       0       0       0       0       0       0       0       0       0       0       0
      Totals:         1       0       0       0       0       0       0       0       0       0       0       0       0       0       0       0       0
Total ram usage:        1 bytes
 Hardware stack levels used:    1
 This function calls:
		Nothing
 This function is called by:
		_INTERRUPT_InterruptManager
 This function uses a non-reentrant model


 *************** function _TMR0_IRS *****************
 Defined at:
		line 11 in file "timer0.c"
 Parameters:    Size  Location     Type
		None
 Auto vars:     Size  Location     Type
		None
 Return value:  Size  Location     Type
                  1    wreg      void 
 Registers used:
		wreg, status,2
 Tracked objects:
		On entry : 
		On exit  : 
		Unchanged: 
 Data sizes:     COMRAM   BANK0   BANK1   BANK2   BANK3   BANK4   BANK5   BANK6   BANK7   BANK8   BANK9  BANK10  BANK11  BANK12  BANK13  BANK14  BANK15
      Params:         0       0       0       0       0       0       0       0       0       0       0       0       0       0       0       0       0
      Locals:         0       0       0       0       0       0       0       0       0       0       0       0       0       0       0       0       0
      Temps:          0       0       0       0       0       0       0       0       0       0       0       0       0       0       0       0       0
      Totals:         0       0       0       0       0       0       0       0       0       0       0       0       0       0       0       0       0
Total ram usage:        0 bytes
 Hardware stack levels used:    1
 This function calls:
		Nothing
 This function is called by:
		_INTERRUPT_InterruptManager
 This function uses a non-reentrant model



MODULE INFORMATION

Module		Function		Class		Link	Load	Size
clock.c
		_start_timers  		CODE           	307C	0000	5
		_register_timer		CODE           	2F78	0000	51
		_timer_ISR     		CODE           	2F42	0000	55

clock.c estimated size: 111

C:\Program Files (x86)\Microchip\xc8\v2.10\pic\sources\c99\common\awdiv.c
		___awdiv       		CODE           	2374	0000	199

C:\Program Files (x86)\Microchip\xc8\v2.10\pic\sources\c99\common\awdiv.c estimated size: 199

timer0.c
		_TMR0_INITIALIZATION		CODE           	3058	0000	17
		_TMR0_IRS      		CODE           	3068	0000	13

timer0.c estimated size: 30

BBSPI_LCD.c
		_printLCD_char 		CODE           	2DB0	0000	77
		_LCDPutStr     		CODE           	2E86	0000	65
		_LCDPutChar    		CODE           	2B64	0000	107
		_SendByteBBSPI 		CODE           	2AEE	0000	119
		_LCDInit       		CODE           	2D5C	0000	85
		_LCDPutInst    		CODE           	2C38	0000	107
		_printLCD_string		CODE           	2F04	0000	63
		_WritePort_BBSPI		CODE           	2FF8	0000	33
		_InitBBSPI     		CODE           	3036	0000	19
		_Port_BBSPIInit		CODE           	3018	0000	31

BBSPI_LCD.c estimated size: 706

interrupt.c
		_INTERRUPT_InterruptManager		CODE           	0008	0000	141
		_read_button   		CODE           	2CA2	0000	97

interrupt.c estimated size: 238

shared
		i2_return_index		CODE           	2A70	0000	127
		i2_ADD_NODE    		CODE           	14E8	0000	1127
		i2___wmul      		CODE           	2FD2	0000	39
		i2_create_node 		CODE           	2E42	0000	69
		__initialization		CODE           	2D02	0000	81
		i2___awmod     		CODE           	2660	0000	177
		i2_add         		CODE           	243A	0000	195

shared estimated size: 1815

linked_list.c
		_LINKED_LIST_INITIALIZATION		CODE           	20FC	0000	229
		_dequeue       		CODE           	2970	0000	131
		_create_node   		CODE           	2DFC	0000	71
		_return_index  		CODE           	29F2	0000	127
		_clean_node    		CODE           	22AC	0000	201
		_enqueue       		CODE           	2710	0000	175
		_add           		CODE           	21E0	0000	205
		_ADD_NODE      		CODE           	1054	0000	1173
		_init_queue    		CODE           	2BCE	0000	107
		_UPDATE_TIMER  		CODE           	1BE0	0000	527

linked_list.c estimated size: 2946

C:\Program Files (x86)\Microchip\xc8\v2.10\pic\sources\c99\common\Umul16.c
		___wmul        		CODE           	2FAA	0000	41

C:\Program Files (x86)\Microchip\xc8\v2.10\pic\sources\c99\common\Umul16.c estimated size: 41

dht11.c
		_getByte       		CODE           	1F02	0000	265
		_print_temp_humid		CODE           	24FC	0000	179
		_get_temp_humid		CODE           	27BE	0000	157
		_readDHT       		CODE           	1DEE	0000	277

dht11.c estimated size: 878

timer1.c
		_TMR1_INITIALIZATION		CODE           	3048	0000	17

timer1.c estimated size: 17

C:\Program Files (x86)\Microchip\xc8\v2.10\pic\sources\c99\common\awmod.c
		___awmod       		CODE           	25AE	0000	179

C:\Program Files (x86)\Microchip\xc8\v2.10\pic\sources\c99\common\awmod.c estimated size: 179

main.c
		_SYSTEM_INITIALIZATION		CODE           	2EC6	0000	63
		_main          		CODE           	200A	0000	243
		_check_button  		CODE           	285A	0000	145
		_heater_heatpumper		CODE           	194E	0000	659

main.c estimated size: 1110

